2026-09-09 15:15:40,896 [CircuitBreaker] [CB] Circuit breakers initialized: ['binance', 'bybit', 'okx', 'bitget', 'pyth']
2026-09-09 15:15:40,898 [MultiSourceFetcher] [MSF] MultiSourceFetcher initialized.
2026-09-09 15:15:42,469 [MultiSourceFetcher] [MSF] Watchlist (400 symbols) from binance
2026-09-09 15:15:44,115 [KlineCache] [KlineCache] Ready. DB: C:\Users\Nicolas\Desktop\Verge\Verge\agent\data\klines.db
2026-09-09 15:15:46,006 [OpenInterest] 📊 OI collector: backfill inicial de 63 símbolos (hasta 2d)...
2026-09-09 15:17:13,144 [OpenInterest] 📊 OI: backfill inicial listo — 36225 filas.
2026-09-09 15:17:57,683 [OpenInterest] 📊 OI ciclo 1: 63 actualizados, 0 saltados (breaker), 0 fallidos | peor cobertura: BTCUSDT 100.0% (2228 filas)
2026-09-09 15:23:42,538 [OpenInterest] 📊 OI ciclo 2: 63 actualizados, 0 saltados (breaker), 0 fallidos | peor cobertura: BTCUSDT 100.0% (2229 filas)
2026-09-09 15:29:27,156 [OpenInterest] 📊 OI ciclo 3: 63 actualizados, 0 saltados (breaker), 0 fallidos | peor cobertura: BTCUSDT 100.0% (2230 filas)
2026-09-09 15:35:12,248 [OpenInterest] 📊 OI ciclo 4: 63 actualizados, 0 saltados (breaker), 0 fallidos | peor cobertura: BTCUSDT 100.0% (2231 filas)
2026-09-09 15:40:57,192 [OpenInterest] 📊 OI ciclo 5: 63 actualizados, 0 saltados (breaker), 0 fallidos | peor cobertura: BTCUSDT 100.0% (2233 filas)
2026-09-09 15:46:42,120 [OpenInterest] 📊 OI ciclo 6: 63 actualizados, 0 saltados (breaker), 0 fallidos | peor cobertura: BTCUSDT 100.0% (2234 filas)
2026-09-09 15:52:26,740 [OpenInterest] 📊 OI ciclo 7: 63 actualizados, 0 saltados (breaker), 0 fallidos | peor cobertura: BTCUSDT 100.0% (2235 filas)
2026-09-09 15:58:11,427 [OpenInterest] 📊 OI ciclo 8: 63 actualizados, 0 saltados (breaker), 0 fallidos | peor cobertura: BTCUSDT 100.0% (2236 filas)
2026-09-09 16:03:56,177 [OpenInterest] 📊 OI ciclo 9: 63 actualizados, 0 saltados (breaker), 0 fallidos | peor cobertura: BTCUSDT 100.0% (2237 filas)
2026-09-09 16:09:41,441 [OpenInterest] 📊 OI ciclo 10: 63 actualizados, 0 saltados (breaker), 0 fallidos | peor cobertura: BTCUSDT 100.0% (2238 filas)
2026-09-09 16:15:26,211 [OpenInterest] 📊 OI ciclo 11: 63 actualizados, 0 saltados (breaker), 0 fallidos | peor cobertura: BTCUSDT 100.0% (2239 filas)
2026-09-09 16:21:10,824 [OpenInterest] 📊 OI ciclo 12: 63 actualizados, 0 saltados (breaker), 0 fallidos | peor cobertura: BTCUSDT 100.0% (2241 filas)
2026-09-09 16:26:56,025 [OpenInterest] 📊 OI ciclo 13: 63 actualizados, 0 saltados (breaker), 0 fallidos | peor cobertura: BTCUSDT 100.0% (2242 filas)
2026-09-09 16:32:41,269 [OpenInterest] 📊 OI ciclo 14: 63 actualizados, 0 saltados (breaker), 0 fallidos | peor cobertura: BTCUSDT 100.0% (2243 filas)
2026-09-09 16:38:26,498 [OpenInterest] 📊 OI ciclo 15: 63 actualizados, 0 saltados (breaker), 0 fallidos | peor cobertura: BTCUSDT 100.0% (2244 filas)
2026-09-09 16:44:11,778 [OpenInterest] 📊 OI ciclo 16: 63 actualizados, 0 saltados (breaker), 0 fallidos | peor cobertura: BTCUSDT 100.0% (2245 filas)
2026-09-09 16:49:56,498 [OpenInterest] 📊 OI ciclo 17: 63 actualizados, 0 saltados (breaker), 0 fallidos | peor cobertura: BTCUSDT 100.0% (2246 filas)
2026-09-09 16:55:41,161 [OpenInterest] 📊 OI ciclo 18: 63 actualizados, 0 saltados (breaker), 0 fallidos | peor cobertura: BTCUSDT 100.0% (2247 filas)
2026-09-09 17:01:25,957 [OpenInterest] 📊 OI ciclo 19: 63 actualizados, 0 saltados (breaker), 0 fallidos | peor cobertura: BTCUSDT 100.0% (2249 filas)
2026-09-09 17:07:10,952 [OpenInterest] 📊 OI ciclo 20: 63 actualizados, 0 saltados (breaker), 0 fallidos | peor cobertura: BTCUSDT 100.0% (2250 filas)
2026-09-09 17:12:55,829 [OpenInterest] 📊 OI ciclo 21: 63 actualizados, 0 saltados (breaker), 0 fallidos | peor cobertura: BTCUSDT 100.0% (2251 filas)
2026-09-09 17:18:45,788 [OpenInterest] 📊 OI ciclo 22: 63 actualizados, 0 saltados (breaker), 0 fallidos | peor cobertura: BTCUSDT 100.0% (2252 filas)
2026-09-09 17:24:31,021 [OpenInterest] 📊 OI ciclo 23: 63 actualizados, 0 saltados (breaker), 0 fallidos | peor cobertura: BTCUSDT 100.0% (2253 filas)
2026-09-09 17:30:15,851 [OpenInterest] 📊 OI ciclo 24: 63 actualizados, 0 saltados (breaker), 0 fallidos | peor cobertura: BTCUSDT 100.0% (2254 filas)
2026-09-09 17:36:00,708 [OpenInterest] 📊 OI ciclo 25: 63 actualizados, 0 saltados (breaker), 0 fallidos | peor cobertura: BTCUSDT 100.0% (2256 filas)
2026-09-09 17:41:45,594 [OpenInterest] 📊 OI ciclo 26: 63 actualizados, 0 saltados (breaker), 0 fallidos | peor cobertura: BTCUSDT 100.0% (2257 filas)
2026-09-09 17:47:30,355 [OpenInterest] 📊 OI ciclo 27: 63 actualizados, 0 saltados (breaker), 0 fallidos | peor cobertura: BTCUSDT 100.0% (2258 filas)
2026-09-09 17:53:15,406 [OpenInterest] 📊 OI ciclo 28: 63 actualizados, 0 saltados (breaker), 0 fallidos | peor cobertura: BTCUSDT 100.0% (2259 filas)
2026-09-09 17:59:01,544 [OpenInterest] 📊 OI ciclo 29: 63 actualizados, 0 saltados (breaker), 0 fallidos | peor cobertura: BTCUSDT 100.0% (2260 filas)
2026-09-09 18:04:47,313 [OpenInterest] 📊 OI ciclo 30: 63 actualizados, 0 saltados (breaker), 0 fallidos | peor cobertura: BTCUSDT 100.0% (2261 filas)
2026-09-09 18:10:32,062 [OpenInterest] 📊 OI ciclo 31: 63 actualizados, 0 saltados (breaker), 0 fallidos | peor cobertura: BTCUSDT 100.0% (2262 filas)
2026-09-09 18:16:16,537 [OpenInterest] 📊 OI ciclo 32: 63 actualizados, 0 saltados (breaker), 0 fallidos | peor cobertura: BTCUSDT 100.0% (2264 filas)
2026-09-09 18:22:02,102 [OpenInterest] 📊 OI ciclo 33: 63 actualizados, 0 saltados (breaker), 0 fallidos | peor cobertura: BTCUSDT 100.0% (2265 filas)
2026-09-09 18:27:47,657 [OpenInterest] 📊 OI ciclo 34: 63 actualizados, 0 saltados (breaker), 0 fallidos | peor cobertura: BTCUSDT 100.0% (2266 filas)
2026-09-09 18:33:32,406 [OpenInterest] 📊 OI ciclo 35: 63 actualizados, 0 saltados (breaker), 0 fallidos | peor cobertura: BTCUSDT 100.0% (2267 filas)
2026-09-09 18:39:17,488 [OpenInterest] 📊 OI ciclo 36: 63 actualizados, 0 saltados (breaker), 0 fallidos | peor cobertura: BTCUSDT 100.0% (2268 filas)
2026-09-09 18:45:02,573 [OpenInterest] 📊 OI ciclo 37: 63 actualizados, 0 saltados (breaker), 0 fallidos | peor cobertura: BTCUSDT 100.0% (2269 filas)
2026-09-09 18:50:48,100 [OpenInterest] 📊 OI ciclo 38: 63 actualizados, 0 saltados (breaker), 0 fallidos | peor cobertura: BTCUSDT 100.0% (2271 filas)
2026-09-09 18:56:32,689 [OpenInterest] 📊 OI ciclo 39: 63 actualizados, 0 saltados (breaker), 0 fallidos | peor cobertura: BTCUSDT 100.0% (2272 filas)
2026-09-09 19:02:17,558 [OpenInterest] 📊 OI ciclo 40: 63 actualizados, 0 saltados (breaker), 0 fallidos | peor cobertura: BTCUSDT 100.0% (2273 filas)
2026-09-09 19:08:02,308 [OpenInterest] 📊 OI ciclo 41: 63 actualizados, 0 saltados (breaker), 0 fallidos | peor cobertura: BTCUSDT 100.0% (2274 filas)
2026-09-09 19:13:47,102 [OpenInterest] 📊 OI ciclo 42: 63 actualizados, 0 saltados (breaker), 0 fallidos | peor cobertura: BTCUSDT 100.0% (2275 filas)
2026-09-09 19:19:32,199 [OpenInterest] 📊 OI ciclo 43: 63 actualizados, 0 saltados (breaker), 0 fallidos | peor cobertura: BTCUSDT 100.0% (2276 filas)
2026-09-09 19:25:16,945 [OpenInterest] 📊 OI ciclo 44: 63 actualizados, 0 saltados (breaker), 0 fallidos | peor cobertura: BTCUSDT 100.0% (2277 filas)
2026-09-09 19:31:01,262 [OpenInterest] 📊 OI ciclo 45: 63 actualizados, 0 saltados (breaker), 0 fallidos | peor cobertura: BTCUSDT 100.0% (2279 filas)
2026-09-09 19:36:45,670 [OpenInterest] 📊 OI ciclo 46: 63 actualizados, 0 saltados (breaker), 0 fallidos | peor cobertura: BTCUSDT 100.0% (2280 filas)
2026-09-09 19:42:30,770 [OpenInterest] 📊 OI ciclo 47: 63 actualizados, 0 saltados (breaker), 0 fallidos | peor cobertura: BTCUSDT 100.0% (2281 filas)
2026-09-09 19:48:15,667 [OpenInterest] 📊 OI ciclo 48: 63 actualizados, 0 saltados (breaker), 0 fallidos | peor cobertura: BTCUSDT 100.0% (2282 filas)
2026-09-09 19:54:00,207 [OpenInterest] 📊 OI ciclo 49: 63 actualizados, 0 saltados (breaker), 0 fallidos | peor cobertura: BTCUSDT 100.0% (2283 filas)
2026-09-09 19:59:44,993 [OpenInterest] 📊 OI ciclo 50: 63 actualizados, 0 saltados (breaker), 0 fallidos | peor cobertura: BTCUSDT 100.0% (2284 filas)
2026-09-09 20:05:29,739 [OpenInterest] 📊 OI ciclo 51: 63 actualizados, 0 saltados (breaker), 0 fallidos | peor cobertura: BTCUSDT 100.0% (2285 filas)
2026-09-09 20:11:15,551 [OpenInterest] 📊 OI ciclo 52: 63 actualizados, 0 saltados (breaker), 0 fallidos | peor cobertura: BTCUSDT 100.0% (2287 filas)
2026-09-09 20:16:59,973 [OpenInterest] 📊 OI ciclo 53: 63 actualizados, 0 saltados (breaker), 0 fallidos | peor cobertura: BTCUSDT 100.0% (2288 filas)
2026-09-09 20:22:44,617 [OpenInterest] 📊 OI ciclo 54: 63 actualizados, 0 saltados (breaker), 0 fallidos | peor cobertura: BTCUSDT 100.0% (2289 filas)
2026-09-09 20:28:29,487 [OpenInterest] 📊 OI ciclo 55: 63 actualizados, 0 saltados (breaker), 0 fallidos | peor cobertura: BTCUSDT 100.0% (2290 filas)
2026-09-09 20:34:14,021 [OpenInterest] 📊 OI ciclo 56: 63 actualizados, 0 saltados (breaker), 0 fallidos | peor cobertura: BTCUSDT 100.0% (2291 filas)
2026-09-09 20:39:59,083 [OpenInterest] 📊 OI ciclo 57: 63 actualizados, 0 saltados (breaker), 0 fallidos | peor cobertura: BTCUSDT 100.0% (2292 filas)
2026-09-09 20:45:44,053 [OpenInterest] 📊 OI ciclo 58: 63 actualizados, 0 saltados (breaker), 0 fallidos | peor cobertura: BTCUSDT 100.0% (2294 filas)
2026-09-09 20:51:29,120 [OpenInterest] 📊 OI ciclo 59: 63 actualizados, 0 saltados (breaker), 0 fallidos | peor cobertura: BTCUSDT 100.0% (2295 filas)
2026-09-09 20:57:14,421 [OpenInterest] 📊 OI ciclo 60: 63 actualizados, 0 saltados (breaker), 0 fallidos | peor cobertura: BTCUSDT 100.0% (2296 filas)
2026-09-09 21:03:00,088 [OpenInterest] 📊 OI ciclo 61: 63 actualizados, 0 saltados (breaker), 0 fallidos | peor cobertura: BTCUSDT 100.0% (2297 filas)
2026-09-09 21:08:45,172 [OpenInterest] 📊 OI ciclo 62: 63 actualizados, 0 saltados (breaker), 0 fallidos | peor cobertura: BTCUSDT 100.0% (2298 filas)
2026-09-09 21:14:30,360 [OpenInterest] 📊 OI ciclo 63: 63 actualizados, 0 saltados (breaker), 0 fallidos | peor cobertura: BTCUSDT 100.0% (2299 filas)
2026-09-09 21:20:15,366 [OpenInterest] 📊 OI ciclo 64: 63 actualizados, 0 saltados (breaker), 0 fallidos | peor cobertura: BTCUSDT 100.0% (2300 filas)
2026-09-09 21:26:00,415 [OpenInterest] 📊 OI ciclo 65: 63 actualizados, 0 saltados (breaker), 0 fallidos | peor cobertura: BTCUSDT 100.0% (2302 filas)
2026-09-09 21:31:45,074 [OpenInterest] 📊 OI ciclo 66: 63 actualizados, 0 saltados (breaker), 0 fallidos | peor cobertura: BTCUSDT 100.0% (2303 filas)
2026-09-09 21:37:30,787 [OpenInterest] 📊 OI ciclo 67: 63 actualizados, 0 saltados (breaker), 0 fallidos | peor cobertura: BTCUSDT 100.0% (2304 filas)
2026-09-09 21:43:16,911 [OpenInterest] 📊 OI ciclo 68: 63 actualizados, 0 saltados (breaker), 0 fallidos | peor cobertura: BTCUSDT 100.0% (2305 filas)
2026-09-09 21:49:01,885 [OpenInterest] 📊 OI ciclo 69: 63 actualizados, 0 saltados (breaker), 0 fallidos | peor cobertura: BTCUSDT 100.0% (2306 filas)
2026-09-09 21:54:47,553 [OpenInterest] 📊 OI ciclo 70: 63 actualizados, 0 saltados (breaker), 0 fallidos | peor cobertura: BTCUSDT 100.0% (2307 filas)
2026-09-09 22:00:33,041 [OpenInterest] 📊 OI ciclo 71: 63 actualizados, 0 saltados (breaker), 0 fallidos | peor cobertura: BTCUSDT 100.0% (2308 filas)
2026-09-09 22:06:17,788 [OpenInterest] 📊 OI ciclo 72: 63 actualizados, 0 saltados (breaker), 0 fallidos | peor cobertura: BTCUSDT 100.0% (2310 filas)
2026-09-09 22:12:02,768 [OpenInterest] 📊 OI ciclo 73: 63 actualizados, 0 saltados (breaker), 0 fallidos | peor cobertura: BTCUSDT 100.0% (2311 filas)
2026-09-09 22:17:47,410 [OpenInterest] 📊 OI ciclo 74: 63 actualizados, 0 saltados (breaker), 0 fallidos | peor cobertura: BTCUSDT 100.0% (2312 filas)
2026-09-09 22:23:32,451 [OpenInterest] 📊 OI ciclo 75: 63 actualizados, 0 saltados (breaker), 0 fallidos | peor cobertura: BTCUSDT 100.0% (2313 filas)
2026-09-09 22:29:17,453 [OpenInterest] 📊 OI ciclo 76: 63 actualizados, 0 saltados (breaker), 0 fallidos | peor cobertura: BTCUSDT 100.0% (2314 filas)
2026-09-09 22:35:02,174 [OpenInterest] 📊 OI ciclo 77: 63 actualizados, 0 saltados (breaker), 0 fallidos | peor cobertura: BTCUSDT 100.0% (2315 filas)
2026-09-09 22:40:47,718 [OpenInterest] 📊 OI ciclo 78: 63 actualizados, 0 saltados (breaker), 0 fallidos | peor cobertura: BTCUSDT 100.0% (2317 filas)
2026-09-09 22:46:33,235 [OpenInterest] 📊 OI ciclo 79: 63 actualizados, 0 saltados (breaker), 0 fallidos | peor cobertura: BTCUSDT 100.0% (2318 filas)
2026-09-09 22:52:17,768 [OpenInterest] 📊 OI ciclo 80: 63 actualizados, 0 saltados (breaker), 0 fallidos | peor cobertura: BTCUSDT 100.0% (2319 filas)
2026-09-09 22:58:03,273 [OpenInterest] 📊 OI ciclo 81: 63 actualizados, 0 saltados (breaker), 0 fallidos | peor cobertura: BTCUSDT 100.0% (2320 filas)
2026-09-09 23:03:48,646 [OpenInterest] 📊 OI ciclo 82: 63 actualizados, 0 saltados (breaker), 0 fallidos | peor cobertura: BTCUSDT 100.0% (2321 filas)
2026-09-09 23:09:33,309 [OpenInterest] 📊 OI ciclo 83: 63 actualizados, 0 saltados (breaker), 0 fallidos | peor cobertura: BTCUSDT 100.0% (2322 filas)
2026-09-09 23:15:17,836 [OpenInterest] 📊 OI ciclo 84: 63 actualizados, 0 saltados (breaker), 0 fallidos | peor cobertura: BTCUSDT 100.0% (2323 filas)
2026-09-09 23:21:02,909 [OpenInterest] 📊 OI ciclo 85: 63 actualizados, 0 saltados (breaker), 0 fallidos | peor cobertura: BTCUSDT 100.0% (2325 filas)
2026-09-09 23:26:48,200 [OpenInterest] 📊 OI ciclo 86: 63 actualizados, 0 saltados (breaker), 0 fallidos | peor cobertura: BTCUSDT 100.0% (2326 filas)
2026-09-09 23:32:33,042 [OpenInterest] 📊 OI ciclo 87: 63 actualizados, 0 saltados (breaker), 0 fallidos | peor cobertura: BTCUSDT 100.0% (2327 filas)
2026-09-09 23:38:17,248 [OpenInterest] 📊 OI ciclo 88: 63 actualizados, 0 saltados (breaker), 0 fallidos | peor cobertura: BTCUSDT 100.0% (2328 filas)
2026-09-09 23:44:01,867 [OpenInterest] 📊 OI ciclo 89: 63 actualizados, 0 saltados (breaker), 0 fallidos | peor cobertura: BTCUSDT 100.0% (2329 filas)
2026-09-09 23:49:47,235 [OpenInterest] 📊 OI ciclo 90: 63 actualizados, 0 saltados (breaker), 0 fallidos | peor cobertura: BTCUSDT 100.0% (2330 filas)
2026-09-09 23:55:34,018 [OpenInterest] 📊 OI ciclo 91: 63 actualizados, 0 saltados (breaker), 0 fallidos | peor cobertura: BTCUSDT 100.0% (2331 filas)
2026-09-10 00:01:19,106 [OpenInterest] 📊 OI ciclo 92: 63 actualizados, 0 saltados (breaker), 0 fallidos | peor cobertura: BTCUSDT 100.0% (2333 filas)
2026-09-10 00:07:04,228 [OpenInterest] 📊 OI ciclo 93: 63 actualizados, 0 saltados (breaker), 0 fallidos | peor cobertura: BTCUSDT 100.0% (2334 filas)
2026-09-10 00:12:48,814 [OpenInterest] 📊 OI ciclo 94: 63 actualizados, 0 saltados (breaker), 0 fallidos | peor cobertura: BTCUSDT 100.0% (2335 filas)
2026-09-10 00:18:34,527 [OpenInterest] 📊 OI ciclo 95: 63 actualizados, 0 saltados (breaker), 0 fallidos | peor cobertura: BTCUSDT 100.0% (2336 filas)
2026-09-10 00:24:20,524 [OpenInterest] 📊 OI ciclo 96: 63 actualizados, 0 saltados (breaker), 0 fallidos | peor cobertura: BTCUSDT 100.0% (2337 filas)
2026-09-10 00:30:06,482 [OpenInterest] 📊 OI ciclo 97: 63 actualizados, 0 saltados (breaker), 0 fallidos | peor cobertura: BTCUSDT 100.0% (2338 filas)
2026-09-10 00:35:51,568 [OpenInterest] 📊 OI ciclo 98: 63 actualizados, 0 saltados (breaker), 0 fallidos | peor cobertura: BTCUSDT 100.0% (2340 filas)
2026-09-10 00:41:37,581 [OpenInterest] 📊 OI ciclo 99: 63 actualizados, 0 saltados (breaker), 0 fallidos | peor cobertura: BTCUSDT 100.0% (2341 filas)
2026-09-10 00:47:23,485 [OpenInterest] 📊 OI ciclo 100: 63 actualizados, 0 saltados (breaker), 0 fallidos | peor cobertura: BTCUSDT 100.0% (2342 filas)
2026-09-10 00:53:09,216 [OpenInterest] 📊 OI ciclo 101: 63 actualizados, 0 saltados (breaker), 0 fallidos | peor cobertura: BTCUSDT 100.0% (2343 filas)
2026-09-10 00:58:55,093 [OpenInterest] 📊 OI ciclo 102: 63 actualizados, 0 saltados (breaker), 0 fallidos | peor cobertura: BTCUSDT 100.0% (2344 filas)
2026-09-10 01:04:40,313 [OpenInterest] 📊 OI ciclo 103: 63 actualizados, 0 saltados (breaker), 0 fallidos | peor cobertura: BTCUSDT 100.0% (2345 filas)
2026-09-10 01:10:26,119 [OpenInterest] 📊 OI ciclo 104: 63 actualizados, 0 saltados (breaker), 0 fallidos | peor cobertura: BTCUSDT 100.0% (2346 filas)
2026-09-10 01:16:11,583 [OpenInterest] 📊 OI ciclo 105: 63 actualizados, 0 saltados (breaker), 0 fallidos | peor cobertura: BTCUSDT 100.0% (2348 filas)
2026-09-10 01:21:57,167 [OpenInterest] 📊 OI ciclo 106: 63 actualizados, 0 saltados (breaker), 0 fallidos | peor cobertura: BTCUSDT 100.0% (2349 filas)
2026-09-10 01:27:42,966 [OpenInterest] 📊 OI ciclo 107: 63 actualizados, 0 saltados (breaker), 0 fallidos | peor cobertura: BTCUSDT 100.0% (2350 filas)
2026-09-10 01:33:27,780 [OpenInterest] 📊 OI ciclo 108: 63 actualizados, 0 saltados (breaker), 0 fallidos | peor cobertura: BTCUSDT 100.0% (2351 filas)
2026-09-10 01:39:12,318 [OpenInterest] 📊 OI ciclo 109: 63 actualizados, 0 saltados (breaker), 0 fallidos | peor cobertura: BTCUSDT 100.0% (2352 filas)
2026-09-10 01:44:57,222 [OpenInterest] 📊 OI ciclo 110: 63 actualizados, 0 saltados (breaker), 0 fallidos | peor cobertura: BTCUSDT 100.0% (2353 filas)
2026-09-10 01:50:44,286 [OpenInterest] 📊 OI ciclo 111: 63 actualizados, 0 saltados (breaker), 0 fallidos | peor cobertura: BTCUSDT 100.0% (2354 filas)
2026-09-10 01:56:29,008 [OpenInterest] 📊 OI ciclo 112: 63 actualizados, 0 saltados (breaker), 0 fallidos | peor cobertura: BTCUSDT 100.0% (2356 filas)
2026-09-10 02:02:14,538 [OpenInterest] 📊 OI ciclo 113: 63 actualizados, 0 saltados (breaker), 0 fallidos | peor cobertura: BTCUSDT 100.0% (2357 filas)
2026-09-10 02:07:59,235 [OpenInterest] 📊 OI ciclo 114: 63 actualizados, 0 saltados (breaker), 0 fallidos | peor cobertura: BTCUSDT 100.0% (2358 filas)
2026-09-10 02:13:44,679 [OpenInterest] 📊 OI ciclo 115: 63 actualizados, 0 saltados (breaker), 0 fallidos | peor cobertura: BTCUSDT 100.0% (2359 filas)
2026-09-10 02:19:29,845 [OpenInterest] 📊 OI ciclo 116: 63 actualizados, 0 saltados (breaker), 0 fallidos | peor cobertura: BTCUSDT 100.0% (2360 filas)
2026-09-10 02:25:14,908 [OpenInterest] 📊 OI ciclo 117: 63 actualizados, 0 saltados (breaker), 0 fallidos | peor cobertura: BTCUSDT 100.0% (2361 filas)
2026-09-10 02:30:59,871 [OpenInterest] 📊 OI ciclo 118: 63 actualizados, 0 saltados (breaker), 0 fallidos | peor cobertura: BTCUSDT 100.0% (2363 filas)
2026-09-10 02:36:44,749 [OpenInterest] 📊 OI ciclo 119: 63 actualizados, 0 saltados (breaker), 0 fallidos | peor cobertura: BTCUSDT 100.0% (2364 filas)
2026-09-10 02:42:30,004 [OpenInterest] 📊 OI ciclo 120: 63 actualizados, 0 saltados (breaker), 0 fallidos | peor cobertura: BTCUSDT 100.0% (2365 filas)
2026-09-10 02:48:15,216 [OpenInterest] 📊 OI ciclo 121: 63 actualizados, 0 saltados (breaker), 0 fallidos | peor cobertura: BTCUSDT 100.0% (2366 filas)
2026-09-10 02:54:01,011 [OpenInterest] 📊 OI ciclo 122: 63 actualizados, 0 saltados (breaker), 0 fallidos | peor cobertura: BTCUSDT 100.0% (2367 filas)
2026-09-10 02:59:46,135 [OpenInterest] 📊 OI ciclo 123: 63 actualizados, 0 saltados (breaker), 0 fallidos | peor cobertura: BTCUSDT 100.0% (2368 filas)
2026-09-10 03:05:31,547 [OpenInterest] 📊 OI ciclo 124: 63 actualizados, 0 saltados (breaker), 0 fallidos | peor cobertura: BTCUSDT 100.0% (2369 filas)
2026-09-10 03:11:16,524 [OpenInterest] 📊 OI ciclo 125: 63 actualizados, 0 saltados (breaker), 0 fallidos | peor cobertura: BTCUSDT 100.0% (2371 filas)
2026-09-10 03:17:01,585 [OpenInterest] 📊 OI ciclo 126: 63 actualizados, 0 saltados (breaker), 0 fallidos | peor cobertura: BTCUSDT 100.0% (2372 filas)
2026-09-10 03:22:02,867 [MultiSourceFetcher] [MSF] Watchlist (400 symbols) from binance
2026-09-10 03:22:48,527 [OpenInterest] 📊 OI ciclo 127: 63 actualizados, 0 saltados (breaker), 0 fallidos | peor cobertura: BTCUSDT 100.0% (2373 filas)
2026-09-10 03:28:33,663 [OpenInterest] 📊 OI ciclo 128: 63 actualizados, 0 saltados (breaker), 0 fallidos | peor cobertura: BTCUSDT 100.0% (2374 filas)
2026-09-10 03:34:19,839 [OpenInterest] 📊 OI ciclo 129: 63 actualizados, 0 saltados (breaker), 0 fallidos | peor cobertura: BTCUSDT 100.0% (2375 filas)
2026-09-10 03:40:05,591 [OpenInterest] 📊 OI ciclo 130: 63 actualizados, 0 saltados (breaker), 0 fallidos | peor cobertura: BTCUSDT 100.0% (2376 filas)
2026-09-10 03:45:50,498 [OpenInterest] 📊 OI ciclo 131: 63 actualizados, 0 saltados (breaker), 0 fallidos | peor cobertura: BTCUSDT 100.0% (2378 filas)
2026-09-10 03:51:36,400 [OpenInterest] 📊 OI ciclo 132: 63 actualizados, 0 saltados (breaker), 0 fallidos | peor cobertura: BTCUSDT 100.0% (2379 filas)
2026-09-10 03:57:21,265 [OpenInterest] 📊 OI ciclo 133: 63 actualizados, 0 saltados (breaker), 0 fallidos | peor cobertura: BTCUSDT 100.0% (2380 filas)
2026-09-10 04:03:06,568 [OpenInterest] 📊 OI ciclo 134: 63 actualizados, 0 saltados (breaker), 0 fallidos | peor cobertura: BTCUSDT 100.0% (2381 filas)
2026-09-10 04:08:51,994 [OpenInterest] 📊 OI ciclo 135: 63 actualizados, 0 saltados (breaker), 0 fallidos | peor cobertura: BTCUSDT 100.0% (2382 filas)
2026-09-10 04:14:37,334 [OpenInterest] 📊 OI ciclo 136: 63 actualizados, 0 saltados (breaker), 0 fallidos | peor cobertura: BTCUSDT 100.0% (2383 filas)
2026-09-10 04:20:23,328 [OpenInterest] 📊 OI ciclo 137: 63 actualizados, 0 saltados (breaker), 0 fallidos | peor cobertura: BTCUSDT 100.0% (2384 filas)
2026-09-10 04:26:08,076 [OpenInterest] 📊 OI ciclo 138: 63 actualizados, 0 saltados (breaker), 0 fallidos | peor cobertura: BTCUSDT 100.0% (2386 filas)
2026-09-10 04:31:52,833 [OpenInterest] 📊 OI ciclo 139: 63 actualizados, 0 saltados (breaker), 0 fallidos | peor cobertura: BTCUSDT 100.0% (2387 filas)
2026-09-10 04:37:37,683 [OpenInterest] 📊 OI ciclo 140: 63 actualizados, 0 saltados (breaker), 0 fallidos | peor cobertura: BTCUSDT 100.0% (2388 filas)
2026-09-10 04:43:22,662 [OpenInterest] 📊 OI ciclo 141: 63 actualizados, 0 saltados (breaker), 0 fallidos | peor cobertura: BTCUSDT 100.0% (2389 filas)
2026-09-10 04:49:08,804 [OpenInterest] 📊 OI ciclo 142: 63 actualizados, 0 saltados (breaker), 0 fallidos | peor cobertura: BTCUSDT 100.0% (2390 filas)
2026-09-10 04:54:53,805 [OpenInterest] 📊 OI ciclo 143: 63 actualizados, 0 saltados (breaker), 0 fallidos | peor cobertura: BTCUSDT 100.0% (2391 filas)
2026-09-10 05:00:39,466 [OpenInterest] 📊 OI ciclo 144: 63 actualizados, 0 saltados (breaker), 0 fallidos | peor cobertura: BTCUSDT 100.0% (2392 filas)
2026-09-10 05:06:24,263 [OpenInterest] 📊 OI ciclo 145: 63 actualizados, 0 saltados (breaker), 0 fallidos | peor cobertura: BTCUSDT 100.0% (2394 filas)
2026-09-10 05:12:09,380 [OpenInterest] 📊 OI ciclo 146: 63 actualizados, 0 saltados (breaker), 0 fallidos | peor cobertura: BTCUSDT 100.0% (2395 filas)
2026-09-10 05:17:54,192 [OpenInterest] 📊 OI ciclo 147: 63 actualizados, 0 saltados (breaker), 0 fallidos | peor cobertura: BTCUSDT 100.0% (2396 filas)
2026-09-10 05:23:39,598 [OpenInterest] 📊 OI ciclo 148: 63 actualizados, 0 saltados (breaker), 0 fallidos | peor cobertura: BTCUSDT 100.0% (2397 filas)
2026-09-10 05:29:24,297 [OpenInterest] 📊 OI ciclo 149: 63 actualizados, 0 saltados (breaker), 0 fallidos | peor cobertura: BTCUSDT 100.0% (2398 filas)
2026-09-10 05:35:09,428 [OpenInterest] 📊 OI ciclo 150: 63 actualizados, 0 saltados (breaker), 0 fallidos | peor cobertura: BTCUSDT 100.0% (2399 filas)
2026-09-10 05:40:54,521 [OpenInterest] 📊 OI ciclo 151: 63 actualizados, 0 saltados (breaker), 0 fallidos | peor cobertura: BTCUSDT 100.0% (2401 filas)
2026-09-10 05:46:39,529 [OpenInterest] 📊 OI ciclo 152: 63 actualizados, 0 saltados (breaker), 0 fallidos | peor cobertura: BTCUSDT 100.0% (2402 filas)
2026-09-10 05:52:24,433 [OpenInterest] 📊 OI ciclo 153: 63 actualizados, 0 saltados (breaker), 0 fallidos | peor cobertura: BTCUSDT 100.0% (2403 filas)
2026-09-10 05:58:09,638 [OpenInterest] 📊 OI ciclo 154: 63 actualizados, 0 saltados (breaker), 0 fallidos | peor cobertura: BTCUSDT 100.0% (2404 filas)
2026-09-10 06:03:55,317 [OpenInterest] 📊 OI ciclo 155: 63 actualizados, 0 saltados (breaker), 0 fallidos | peor cobertura: BTCUSDT 100.0% (2405 filas)
2026-09-10 06:09:40,720 [OpenInterest] 📊 OI ciclo 156: 63 actualizados, 0 saltados (breaker), 0 fallidos | peor cobertura: BTCUSDT 100.0% (2406 filas)
2026-09-10 06:15:25,802 [OpenInterest] 📊 OI ciclo 157: 63 actualizados, 0 saltados (breaker), 0 fallidos | peor cobertura: BTCUSDT 100.0% (2407 filas)
2026-09-10 06:21:10,594 [OpenInterest] 📊 OI ciclo 158: 63 actualizados, 0 saltados (breaker), 0 fallidos | peor cobertura: BTCUSDT 100.0% (2409 filas)
2026-09-10 06:26:55,446 [OpenInterest] 📊 OI ciclo 159: 63 actualizados, 0 saltados (breaker), 0 fallidos | peor cobertura: BTCUSDT 100.0% (2410 filas)
2026-09-10 06:32:40,608 [OpenInterest] 📊 OI ciclo 160: 63 actualizados, 0 saltados (breaker), 0 fallidos | peor cobertura: BTCUSDT 100.0% (2411 filas)
2026-09-10 06:38:25,467 [OpenInterest] 📊 OI ciclo 161: 63 actualizados, 0 saltados (breaker), 0 fallidos | peor cobertura: BTCUSDT 100.0% (2412 filas)
2026-09-10 06:44:10,896 [OpenInterest] 📊 OI ciclo 162: 63 actualizados, 0 saltados (breaker), 0 fallidos | peor cobertura: BTCUSDT 100.0% (2413 filas)
2026-09-10 06:49:55,724 [OpenInterest] 📊 OI ciclo 163: 63 actualizados, 0 saltados (breaker), 0 fallidos | peor cobertura: BTCUSDT 100.0% (2414 filas)
2026-09-10 06:55:40,992 [OpenInterest] 📊 OI ciclo 164: 63 actualizados, 0 saltados (breaker), 0 fallidos | peor cobertura: BTCUSDT 100.0% (2415 filas)
2026-09-10 07:01:25,953 [OpenInterest] 📊 OI ciclo 165: 63 actualizados, 0 saltados (breaker), 0 fallidos | peor cobertura: BTCUSDT 100.0% (2417 filas)
2026-09-10 07:07:11,287 [OpenInterest] 📊 OI ciclo 166: 63 actualizados, 0 saltados (breaker), 0 fallidos | peor cobertura: BTCUSDT 100.0% (2418 filas)
2026-09-10 07:12:56,465 [OpenInterest] 📊 OI ciclo 167: 63 actualizados, 0 saltados (breaker), 0 fallidos | peor cobertura: BTCUSDT 100.0% (2419 filas)
2026-09-10 07:18:41,779 [OpenInterest] 📊 OI ciclo 168: 63 actualizados, 0 saltados (breaker), 0 fallidos | peor cobertura: BTCUSDT 100.0% (2420 filas)
2026-09-10 07:24:27,035 [OpenInterest] 📊 OI ciclo 169: 63 actualizados, 0 saltados (breaker), 0 fallidos | peor cobertura: BTCUSDT 100.0% (2421 filas)
2026-09-10 07:30:12,468 [OpenInterest] 📊 OI ciclo 170: 63 actualizados, 0 saltados (breaker), 0 fallidos | peor cobertura: BTCUSDT 100.0% (2422 filas)
2026-09-10 07:35:57,794 [OpenInterest] 📊 OI ciclo 171: 63 actualizados, 0 saltados (breaker), 0 fallidos | peor cobertura: BTCUSDT 100.0% (2424 filas)
2026-09-10 07:41:43,198 [OpenInterest] 📊 OI ciclo 172: 63 actualizados, 0 saltados (breaker), 0 fallidos | peor cobertura: BTCUSDT 100.0% (2425 filas)
2026-09-10 07:47:28,737 [OpenInterest] 📊 OI ciclo 173: 63 actualizados, 0 saltados (breaker), 0 fallidos | peor cobertura: BTCUSDT 100.0% (2426 filas)
2026-09-10 07:53:13,949 [OpenInterest] 📊 OI ciclo 174: 63 actualizados, 0 saltados (breaker), 0 fallidos | peor cobertura: BTCUSDT 100.0% (2427 filas)
2026-09-10 07:58:59,729 [OpenInterest] 📊 OI ciclo 175: 63 actualizados, 0 saltados (breaker), 0 fallidos | peor cobertura: BTCUSDT 100.0% (2428 filas)
2026-09-10 08:04:44,647 [OpenInterest] 📊 OI ciclo 176: 63 actualizados, 0 saltados (breaker), 0 fallidos | peor cobertura: BTCUSDT 100.0% (2429 filas)
2026-09-10 08:10:30,635 [OpenInterest] 📊 OI ciclo 177: 63 actualizados, 0 saltados (breaker), 0 fallidos | peor cobertura: BTCUSDT 100.0% (2430 filas)
2026-09-10 08:16:16,451 [OpenInterest] 📊 OI ciclo 178: 63 actualizados, 0 saltados (breaker), 0 fallidos | peor cobertura: BTCUSDT 100.0% (2432 filas)
2026-09-10 08:22:01,099 [OpenInterest] 📊 OI ciclo 179: 63 actualizados, 0 saltados (breaker), 0 fallidos | peor cobertura: BTCUSDT 100.0% (2433 filas)
2026-09-10 08:27:46,376 [OpenInterest] 📊 OI ciclo 180: 63 actualizados, 0 saltados (breaker), 0 fallidos | peor cobertura: BTCUSDT 100.0% (2434 filas)
2026-09-10 08:33:30,713 [OpenInterest] 📊 OI ciclo 181: 63 actualizados, 0 saltados (breaker), 0 fallidos | peor cobertura: BTCUSDT 100.0% (2435 filas)
2026-09-10 08:39:14,848 [OpenInterest] 📊 OI ciclo 182: 63 actualizados, 0 saltados (breaker), 0 fallidos | peor cobertura: BTCUSDT 100.0% (2436 filas)
2026-09-10 08:44:59,204 [OpenInterest] 📊 OI ciclo 183: 63 actualizados, 0 saltados (breaker), 0 fallidos | peor cobertura: BTCUSDT 100.0% (2437 filas)
2026-09-10 08:50:43,904 [OpenInterest] 📊 OI ciclo 184: 63 actualizados, 0 saltados (breaker), 0 fallidos | peor cobertura: BTCUSDT 100.0% (2439 filas)
2026-09-10 08:56:28,267 [OpenInterest] 📊 OI ciclo 185: 63 actualizados, 0 saltados (breaker), 0 fallidos | peor cobertura: BTCUSDT 100.0% (2440 filas)
2026-09-10 09:02:13,738 [OpenInterest] 📊 OI ciclo 186: 63 actualizados, 0 saltados (breaker), 0 fallidos | peor cobertura: BTCUSDT 100.0% (2441 filas)
2026-09-10 09:07:58,358 [OpenInterest] 📊 OI ciclo 187: 63 actualizados, 0 saltados (breaker), 0 fallidos | peor cobertura: BTCUSDT 100.0% (2442 filas)
2026-09-10 09:13:42,713 [OpenInterest] 📊 OI ciclo 188: 63 actualizados, 0 saltados (breaker), 0 fallidos | peor cobertura: BTCUSDT 100.0% (2443 filas)
2026-09-10 09:19:27,054 [OpenInterest] 📊 OI ciclo 189: 63 actualizados, 0 saltados (breaker), 0 fallidos | peor cobertura: BTCUSDT 100.0% (2444 filas)
2026-09-10 09:24:28,284 [MultiSourceFetcher] [MSF] Watchlist (400 symbols) from binance
2026-09-10 09:25:12,643 [OpenInterest] 📊 OI ciclo 190: 63 actualizados, 0 saltados (breaker), 0 fallidos | peor cobertura: BTCUSDT 100.0% (2445 filas)
2026-09-10 09:30:57,995 [OpenInterest] 📊 OI ciclo 191: 63 actualizados, 0 saltados (breaker), 0 fallidos | peor cobertura: BTCUSDT 100.0% (2447 filas)
2026-09-10 09:36:42,275 [OpenInterest] 📊 OI ciclo 192: 63 actualizados, 0 saltados (breaker), 0 fallidos | peor cobertura: BTCUSDT 100.0% (2448 filas)
2026-09-10 09:42:26,437 [OpenInterest] 📊 OI ciclo 193: 63 actualizados, 0 saltados (breaker), 0 fallidos | peor cobertura: BTCUSDT 100.0% (2449 filas)
2026-09-10 09:48:11,060 [OpenInterest] 📊 OI ciclo 194: 63 actualizados, 0 saltados (breaker), 0 fallidos | peor cobertura: BTCUSDT 100.0% (2450 filas)
2026-09-10 09:53:55,747 [OpenInterest] 📊 OI ciclo 195: 63 actualizados, 0 saltados (breaker), 0 fallidos | peor cobertura: BTCUSDT 100.0% (2451 filas)
2026-09-10 09:59:41,130 [OpenInterest] 📊 OI ciclo 196: 63 actualizados, 0 saltados (breaker), 0 fallidos | peor cobertura: BTCUSDT 100.0% (2452 filas)
2026-09-10 10:05:26,612 [OpenInterest] 📊 OI ciclo 197: 63 actualizados, 0 saltados (breaker), 0 fallidos | peor cobertura: BTCUSDT 100.0% (2453 filas)
2026-09-10 10:11:12,376 [OpenInterest] 📊 OI ciclo 198: 63 actualizados, 0 saltados (breaker), 0 fallidos | peor cobertura: BTCUSDT 100.0% (2455 filas)
2026-09-10 10:16:57,968 [OpenInterest] 📊 OI ciclo 199: 63 actualizados, 0 saltados (breaker), 0 fallidos | peor cobertura: BTCUSDT 100.0% (2456 filas)
2026-09-10 10:22:43,248 [OpenInterest] 📊 OI ciclo 200: 63 actualizados, 0 saltados (breaker), 0 fallidos | peor cobertura: BTCUSDT 100.0% (2457 filas)
2026-09-10 10:28:27,905 [OpenInterest] 📊 OI ciclo 201: 63 actualizados, 0 saltados (breaker), 0 fallidos | peor cobertura: BTCUSDT 100.0% (2458 filas)
2026-09-10 10:34:13,102 [OpenInterest] 📊 OI ciclo 202: 63 actualizados, 0 saltados (breaker), 0 fallidos | peor cobertura: BTCUSDT 100.0% (2459 filas)
2026-09-10 10:39:58,223 [OpenInterest] 📊 OI ciclo 203: 63 actualizados, 0 saltados (breaker), 0 fallidos | peor cobertura: BTCUSDT 100.0% (2460 filas)
2026-09-10 10:45:43,077 [OpenInterest] 📊 OI ciclo 204: 63 actualizados, 0 saltados (breaker), 0 fallidos | peor cobertura: BTCUSDT 100.0% (2461 filas)
2026-09-10 10:51:28,176 [OpenInterest] 📊 OI ciclo 205: 63 actualizados, 0 saltados (breaker), 0 fallidos | peor cobertura: BTCUSDT 100.0% (2463 filas)
2026-09-10 10:57:15,771 [OpenInterest] 📊 OI ciclo 206: 63 actualizados, 0 saltados (breaker), 0 fallidos | peor cobertura: BTCUSDT 100.0% (2464 filas)
2026-09-10 11:03:02,291 [OpenInterest] 📊 OI ciclo 207: 63 actualizados, 0 saltados (breaker), 0 fallidos | peor cobertura: BTCUSDT 100.0% (2465 filas)
2026-09-10 11:08:47,852 [OpenInterest] 📊 OI ciclo 208: 63 actualizados, 0 saltados (breaker), 0 fallidos | peor cobertura: BTCUSDT 100.0% (2466 filas)
2026-09-10 11:14:33,674 [OpenInterest] 📊 OI ciclo 209: 63 actualizados, 0 saltados (breaker), 0 fallidos | peor cobertura: BTCUSDT 100.0% (2467 filas)
2026-09-10 11:20:18,436 [OpenInterest] 📊 OI ciclo 210: 63 actualizados, 0 saltados (breaker), 0 fallidos | peor cobertura: BTCUSDT 100.0% (2468 filas)
2026-09-10 11:26:03,957 [OpenInterest] 📊 OI ciclo 211: 63 actualizados, 0 saltados (breaker), 0 fallidos | peor cobertura: BTCUSDT 100.0% (2470 filas)
2026-09-10 11:31:48,920 [OpenInterest] 📊 OI ciclo 212: 63 actualizados, 0 saltados (breaker), 0 fallidos | peor cobertura: BTCUSDT 100.0% (2471 filas)
2026-09-10 11:37:34,221 [OpenInterest] 📊 OI ciclo 213: 63 actualizados, 0 saltados (breaker), 0 fallidos | peor cobertura: BTCUSDT 100.0% (2472 filas)
2026-09-10 11:43:19,241 [OpenInterest] 📊 OI ciclo 214: 63 actualizados, 0 saltados (breaker), 0 fallidos | peor cobertura: BTCUSDT 100.0% (2473 filas)
2026-09-10 11:49:03,919 [OpenInterest] 📊 OI ciclo 215: 63 actualizados, 0 saltados (breaker), 0 fallidos | peor cobertura: BTCUSDT 100.0% (2474 filas)
2026-09-10 11:54:48,918 [OpenInterest] 📊 OI ciclo 216: 63 actualizados, 0 saltados (breaker), 0 fallidos | peor cobertura: BTCUSDT 100.0% (2475 filas)
2026-09-10 12:00:34,705 [OpenInterest] 📊 OI ciclo 217: 63 actualizados, 0 saltados (breaker), 0 fallidos | peor cobertura: BTCUSDT 100.0% (2476 filas)
2026-09-10 12:06:19,684 [OpenInterest] 📊 OI ciclo 218: 63 actualizados, 0 saltados (breaker), 0 fallidos | peor cobertura: BTCUSDT 100.0% (2478 filas)
2026-09-10 12:12:04,170 [OpenInterest] 📊 OI ciclo 219: 63 actualizados, 0 saltados (breaker), 0 fallidos | peor cobertura: BTCUSDT 100.0% (2479 filas)
2026-09-10 12:17:49,248 [OpenInterest] 📊 OI ciclo 220: 63 actualizados, 0 saltados (breaker), 0 fallidos | peor cobertura: BTCUSDT 100.0% (2480 filas)
2026-09-10 12:23:34,050 [OpenInterest] 📊 OI ciclo 221: 63 actualizados, 0 saltados (breaker), 0 fallidos | peor cobertura: BTCUSDT 100.0% (2481 filas)
2026-09-10 12:29:19,359 [OpenInterest] 📊 OI ciclo 222: 63 actualizados, 0 saltados (breaker), 0 fallidos | peor cobertura: BTCUSDT 100.0% (2482 filas)
2026-09-10 12:35:05,326 [OpenInterest] 📊 OI ciclo 223: 63 actualizados, 0 saltados (breaker), 0 fallidos | peor cobertura: BTCUSDT 100.0% (2483 filas)
2026-09-10 12:40:50,402 [OpenInterest] 📊 OI ciclo 224: 63 actualizados, 0 saltados (breaker), 0 fallidos | peor cobertura: BTCUSDT 100.0% (2485 filas)
2026-09-10 12:46:34,697 [OpenInterest] 📊 OI ciclo 225: 63 actualizados, 0 saltados (breaker), 0 fallidos | peor cobertura: BTCUSDT 100.0% (2486 filas)
2026-09-10 12:52:19,335 [OpenInterest] 📊 OI ciclo 226: 63 actualizados, 0 saltados (breaker), 0 fallidos | peor cobertura: BTCUSDT 100.0% (2487 filas)
2026-09-10 12:58:05,654 [OpenInterest] 📊 OI ciclo 227: 63 actualizados, 0 saltados (breaker), 0 fallidos | peor cobertura: BTCUSDT 100.0% (2488 filas)
2026-09-10 13:03:50,185 [OpenInterest] 📊 OI ciclo 228: 63 actualizados, 0 saltados (breaker), 0 fallidos | peor cobertura: BTCUSDT 100.0% (2489 filas)
2026-09-10 13:09:34,911 [OpenInterest] 📊 OI ciclo 229: 63 actualizados, 0 saltados (breaker), 0 fallidos | peor cobertura: BTCUSDT 100.0% (2490 filas)
2026-09-10 13:15:19,156 [OpenInterest] 📊 OI ciclo 230: 63 actualizados, 0 saltados (breaker), 0 fallidos | peor cobertura: BTCUSDT 100.0% (2491 filas)
2026-09-10 13:21:04,467 [OpenInterest] 📊 OI ciclo 231: 63 actualizados, 0 saltados (breaker), 0 fallidos | peor cobertura: BTCUSDT 100.0% (2493 filas)
2026-09-10 13:26:49,669 [OpenInterest] 📊 OI ciclo 232: 63 actualizados, 0 saltados (breaker), 0 fallidos | peor cobertura: BTCUSDT 100.0% (2494 filas)
2026-09-10 13:32:34,268 [OpenInterest] 📊 OI ciclo 233: 63 actualizados, 0 saltados (breaker), 0 fallidos | peor cobertura: BTCUSDT 100.0% (2495 filas)
2026-09-10 13:38:19,163 [OpenInterest] 📊 OI ciclo 234: 63 actualizados, 0 saltados (breaker), 0 fallidos | peor cobertura: BTCUSDT 100.0% (2496 filas)
2026-09-10 13:44:05,483 [OpenInterest] 📊 OI ciclo 235: 63 actualizados, 0 saltados (breaker), 0 fallidos | peor cobertura: BTCUSDT 100.0% (2497 filas)
2026-09-10 13:49:50,838 [OpenInterest] 📊 OI ciclo 236: 63 actualizados, 0 saltados (breaker), 0 fallidos | peor cobertura: BTCUSDT 100.0% (2498 filas)
2026-09-10 13:55:35,974 [OpenInterest] 📊 OI ciclo 237: 63 actualizados, 0 saltados (breaker), 0 fallidos | peor cobertura: BTCUSDT 100.0% (2499 filas)
2026-09-10 14:01:20,867 [OpenInterest] 📊 OI ciclo 238: 63 actualizados, 0 saltados (breaker), 0 fallidos | peor cobertura: BTCUSDT 100.0% (2501 filas)
2026-09-10 14:07:06,195 [OpenInterest] 📊 OI ciclo 239: 63 actualizados, 0 saltados (breaker), 0 fallidos | peor cobertura: BTCUSDT 100.0% (2502 filas)
2026-09-10 14:12:50,286 [OpenInterest] 📊 OI ciclo 240: 63 actualizados, 0 saltados (breaker), 0 fallidos | peor cobertura: BTCUSDT 100.0% (2503 filas)
2026-09-10 14:18:34,295 [OpenInterest] 📊 OI ciclo 241: 63 actualizados, 0 saltados (breaker), 0 fallidos | peor cobertura: BTCUSDT 100.0% (2504 filas)
2026-09-10 14:24:18,648 [OpenInterest] 📊 OI ciclo 242: 63 actualizados, 0 saltados (breaker), 0 fallidos | peor cobertura: BTCUSDT 100.0% (2505 filas)
2026-09-10 14:30:02,806 [OpenInterest] 📊 OI ciclo 243: 63 actualizados, 0 saltados (breaker), 0 fallidos | peor cobertura: BTCUSDT 100.0% (2506 filas)
2026-09-10 14:35:46,832 [OpenInterest] 📊 OI ciclo 244: 63 actualizados, 0 saltados (breaker), 0 fallidos | peor cobertura: BTCUSDT 100.0% (2508 filas)
2026-09-10 14:41:31,896 [OpenInterest] 📊 OI ciclo 245: 63 actualizados, 0 saltados (breaker), 0 fallidos | peor cobertura: BTCUSDT 100.0% (2509 filas)
2026-09-10 14:47:16,259 [OpenInterest] 📊 OI ciclo 246: 63 actualizados, 0 saltados (breaker), 0 fallidos | peor cobertura: BTCUSDT 100.0% (2510 filas)
2026-09-10 14:53:01,568 [OpenInterest] 📊 OI ciclo 247: 63 actualizados, 0 saltados (breaker), 0 fallidos | peor cobertura: BTCUSDT 100.0% (2511 filas)
2026-09-10 14:58:46,794 [OpenInterest] 📊 OI ciclo 248: 63 actualizados, 0 saltados (breaker), 0 fallidos | peor cobertura: BTCUSDT 100.0% (2512 filas)
2026-09-10 15:04:31,355 [OpenInterest] 📊 OI ciclo 249: 63 actualizados, 0 saltados (breaker), 0 fallidos | peor cobertura: BTCUSDT 100.0% (2513 filas)
2026-09-10 15:10:16,352 [OpenInterest] 📊 OI ciclo 250: 63 actualizados, 0 saltados (breaker), 0 fallidos | peor cobertura: BTCUSDT 100.0% (2514 filas)
2026-09-10 15:16:01,514 [OpenInterest] 📊 OI ciclo 251: 63 actualizados, 0 saltados (breaker), 0 fallidos | peor cobertura: BTCUSDT 100.0% (2516 filas)
2026-09-10 15:21:46,916 [OpenInterest] 📊 OI ciclo 252: 63 actualizados, 0 saltados (breaker), 0 fallidos | peor cobertura: BTCUSDT 100.0% (2517 filas)
2026-09-10 15:26:48,130 [MultiSourceFetcher] [MSF] Watchlist (400 symbols) from binance
2026-09-10 15:27:33,665 [OpenInterest] 📊 OI ciclo 253: 63 actualizados, 0 saltados (breaker), 0 fallidos | peor cobertura: BTCUSDT 100.0% (2518 filas)
2026-09-10 15:33:18,765 [OpenInterest] 📊 OI ciclo 254: 63 actualizados, 0 saltados (breaker), 0 fallidos | peor cobertura: BTCUSDT 100.0% (2519 filas)
2026-09-10 15:39:02,724 [OpenInterest] 📊 OI ciclo 255: 63 actualizados, 0 saltados (breaker), 0 fallidos | peor cobertura: BTCUSDT 100.0% (2520 filas)
2026-09-10 15:44:46,675 [OpenInterest] 📊 OI ciclo 256: 63 actualizados, 0 saltados (breaker), 0 fallidos | peor cobertura: BTCUSDT 100.0% (2521 filas)
2026-09-10 15:50:32,043 [OpenInterest] 📊 OI ciclo 257: 63 actualizados, 0 saltados (breaker), 0 fallidos | peor cobertura: BTCUSDT 100.0% (2522 filas)
2026-09-10 15:56:19,299 [OpenInterest] 📊 OI ciclo 258: 63 actualizados, 0 saltados (breaker), 0 fallidos | peor cobertura: BTCUSDT 100.0% (2524 filas)
2026-09-10 16:02:21,672 [OpenInterest] 📊 OI ciclo 259: 63 actualizados, 0 saltados (breaker), 0 fallidos | peor cobertura: BTCUSDT 100.0% (2525 filas)
2026-09-10 16:08:27,464 [OpenInterest] 📊 OI ciclo 260: 63 actualizados, 0 saltados (breaker), 0 fallidos | peor cobertura: BTCUSDT 100.0% (2526 filas)
2026-09-10 16:14:23,909 [OpenInterest] 📊 OI ciclo 261: 63 actualizados, 0 saltados (breaker), 0 fallidos | peor cobertura: BTCUSDT 100.0% (2527 filas)
2026-09-10 16:20:22,719 [OpenInterest] 📊 OI ciclo 262: 63 actualizados, 0 saltados (breaker), 0 fallidos | peor cobertura: BTCUSDT 100.0% (2528 filas)
2026-09-10 16:26:14,565 [OpenInterest] 📊 OI ciclo 263: 63 actualizados, 0 saltados (breaker), 0 fallidos | peor cobertura: BTCUSDT 100.0% (2530 filas)
2026-09-10 16:32:14,702 [OpenInterest] 📊 OI ciclo 264: 63 actualizados, 0 saltados (breaker), 0 fallidos | peor cobertura: BTCUSDT 100.0% (2531 filas)
2026-09-10 16:38:14,984 [OpenInterest] 📊 OI ciclo 265: 63 actualizados, 0 saltados (breaker), 0 fallidos | peor cobertura: BTCUSDT 100.0% (2532 filas)
2026-09-10 16:43:59,983 [OpenInterest] 📊 OI ciclo 266: 63 actualizados, 0 saltados (breaker), 0 fallidos | peor cobertura: BTCUSDT 100.0% (2533 filas)
2026-09-10 16:49:44,513 [OpenInterest] 📊 OI ciclo 267: 63 actualizados, 0 saltados (breaker), 0 fallidos | peor cobertura: BTCUSDT 100.0% (2534 filas)
2026-09-10 16:55:28,761 [OpenInterest] 📊 OI ciclo 268: 63 actualizados, 0 saltados (breaker), 0 fallidos | peor cobertura: BTCUSDT 100.0% (2535 filas)
2026-09-10 17:01:13,968 [OpenInterest] 📊 OI ciclo 269: 63 actualizados, 0 saltados (breaker), 0 fallidos | peor cobertura: BTCUSDT 100.0% (2537 filas)
2026-09-10 17:06:58,745 [OpenInterest] 📊 OI ciclo 270: 63 actualizados, 0 saltados (breaker), 0 fallidos | peor cobertura: BTCUSDT 100.0% (2538 filas)
2026-09-10 17:12:44,051 [OpenInterest] 📊 OI ciclo 271: 63 actualizados, 0 saltados (breaker), 0 fallidos | peor cobertura: BTCUSDT 100.0% (2539 filas)
2026-09-10 17:18:29,092 [OpenInterest] 📊 OI ciclo 272: 63 actualizados, 0 saltados (breaker), 0 fallidos | peor cobertura: BTCUSDT 100.0% (2540 filas)
2026-09-10 17:24:18,339 [OpenInterest] 📊 OI ciclo 273: 63 actualizados, 0 saltados (breaker), 0 fallidos | peor cobertura: BTCUSDT 100.0% (2541 filas)
2026-09-10 17:30:03,303 [OpenInterest] 📊 OI ciclo 274: 63 actualizados, 0 saltados (breaker), 0 fallidos | peor cobertura: BTCUSDT 100.0% (2542 filas)
2026-09-10 17:35:48,183 [OpenInterest] 📊 OI ciclo 275: 63 actualizados, 0 saltados (breaker), 0 fallidos | peor cobertura: BTCUSDT 100.0% (2544 filas)
2026-09-10 17:41:32,565 [OpenInterest] 📊 OI ciclo 276: 63 actualizados, 0 saltados (breaker), 0 fallidos | peor cobertura: BTCUSDT 100.0% (2545 filas)
2026-09-10 17:47:19,487 [OpenInterest] 📊 OI ciclo 277: 63 actualizados, 0 saltados (breaker), 0 fallidos | peor cobertura: BTCUSDT 100.0% (2546 filas)
2026-09-10 17:53:03,471 [OpenInterest] 📊 OI ciclo 278: 63 actualizados, 0 saltados (breaker), 0 fallidos | peor cobertura: BTCUSDT 100.0% (2547 filas)
2026-09-10 17:58:48,287 [OpenInterest] 📊 OI ciclo 279: 63 actualizados, 0 saltados (breaker), 0 fallidos | peor cobertura: BTCUSDT 100.0% (2548 filas)
2026-09-10 18:04:32,933 [OpenInterest] 📊 OI ciclo 280: 63 actualizados, 0 saltados (breaker), 0 fallidos | peor cobertura: BTCUSDT 100.0% (2549 filas)
2026-09-10 18:10:18,071 [OpenInterest] 📊 OI ciclo 281: 63 actualizados, 0 saltados (breaker), 0 fallidos | peor cobertura: BTCUSDT 100.0% (2550 filas)
2026-09-10 18:16:02,785 [OpenInterest] 📊 OI ciclo 282: 63 actualizados, 0 saltados (breaker), 0 fallidos | peor cobertura: BTCUSDT 100.0% (2552 filas)
2026-09-10 18:21:48,471 [OpenInterest] 📊 OI ciclo 283: 63 actualizados, 0 saltados (breaker), 0 fallidos | peor cobertura: BTCUSDT 100.0% (2553 filas)
2026-09-10 18:27:34,974 [OpenInterest] 📊 OI ciclo 284: 63 actualizados, 0 saltados (breaker), 0 fallidos | peor cobertura: BTCUSDT 100.0% (2554 filas)
2026-09-10 18:33:21,716 [OpenInterest] 📊 OI ciclo 285: 63 actualizados, 0 saltados (breaker), 0 fallidos | peor cobertura: BTCUSDT 100.0% (2555 filas)
2026-09-10 18:39:08,601 [OpenInterest] 📊 OI ciclo 286: 63 actualizados, 0 saltados (breaker), 0 fallidos | peor cobertura: BTCUSDT 100.0% (2556 filas)
2026-09-10 18:44:55,955 [OpenInterest] 📊 OI ciclo 287: 63 actualizados, 0 saltados (breaker), 0 fallidos | peor cobertura: BTCUSDT 100.0% (2557 filas)
2026-09-10 18:50:42,971 [OpenInterest] 📊 OI ciclo 288: 63 actualizados, 0 saltados (breaker), 0 fallidos | peor cobertura: BTCUSDT 100.0% (2558 filas)
2026-09-10 18:56:30,386 [OpenInterest] 📊 OI ciclo 289: 63 actualizados, 0 saltados (breaker), 0 fallidos | peor cobertura: BTCUSDT 100.0% (2560 filas)
2026-09-10 19:02:17,311 [OpenInterest] 📊 OI ciclo 290: 63 actualizados, 0 saltados (breaker), 0 fallidos | peor cobertura: BTCUSDT 100.0% (2561 filas)
2026-09-10 19:08:02,791 [OpenInterest] 📊 OI ciclo 291: 63 actualizados, 0 saltados (breaker), 0 fallidos | peor cobertura: BTCUSDT 100.0% (2562 filas)
2026-09-10 19:13:47,502 [OpenInterest] 📊 OI ciclo 292: 63 actualizados, 0 saltados (breaker), 0 fallidos | peor cobertura: BTCUSDT 100.0% (2563 filas)
2026-09-10 19:19:31,851 [OpenInterest] 📊 OI ciclo 293: 63 actualizados, 0 saltados (breaker), 0 fallidos | peor cobertura: BTCUSDT 100.0% (2564 filas)
2026-09-10 19:25:15,976 [OpenInterest] 📊 OI ciclo 294: 63 actualizados, 0 saltados (breaker), 0 fallidos | peor cobertura: BTCUSDT 100.0% (2565 filas)
2026-09-10 19:31:00,061 [OpenInterest] 📊 OI ciclo 295: 63 actualizados, 0 saltados (breaker), 0 fallidos | peor cobertura: BTCUSDT 100.0% (2567 filas)
2026-09-10 19:36:44,263 [OpenInterest] 📊 OI ciclo 296: 63 actualizados, 0 saltados (breaker), 0 fallidos | peor cobertura: BTCUSDT 100.0% (2568 filas)
2026-09-10 19:42:28,187 [OpenInterest] 📊 OI ciclo 297: 63 actualizados, 0 saltados (breaker), 0 fallidos | peor cobertura: BTCUSDT 100.0% (2569 filas)
2026-09-10 19:48:12,816 [OpenInterest] 📊 OI ciclo 298: 63 actualizados, 0 saltados (breaker), 0 fallidos | peor cobertura: BTCUSDT 100.0% (2570 filas)
2026-09-10 19:53:57,396 [OpenInterest] 📊 OI ciclo 299: 63 actualizados, 0 saltados (breaker), 0 fallidos | peor cobertura: BTCUSDT 100.0% (2571 filas)
2026-09-10 19:59:42,145 [OpenInterest] 📊 OI ciclo 300: 63 actualizados, 0 saltados (breaker), 0 fallidos | peor cobertura: BTCUSDT 100.0% (2572 filas)
2026-09-10 20:05:27,481 [OpenInterest] 📊 OI ciclo 301: 63 actualizados, 0 saltados (breaker), 0 fallidos | peor cobertura: BTCUSDT 100.0% (2573 filas)
2026-09-10 20:11:11,778 [OpenInterest] 📊 OI ciclo 302: 63 actualizados, 0 saltados (breaker), 0 fallidos | peor cobertura: BTCUSDT 100.0% (2575 filas)
2026-09-10 20:16:56,320 [OpenInterest] 📊 OI ciclo 303: 63 actualizados, 0 saltados (breaker), 0 fallidos | peor cobertura: BTCUSDT 100.0% (2576 filas)
2026-09-10 20:22:40,810 [OpenInterest] 📊 OI ciclo 304: 63 actualizados, 0 saltados (breaker), 0 fallidos | peor cobertura: BTCUSDT 100.0% (2577 filas)
2026-09-10 20:28:25,433 [OpenInterest] 📊 OI ciclo 305: 63 actualizados, 0 saltados (breaker), 0 fallidos | peor cobertura: BTCUSDT 100.0% (2578 filas)
2026-09-10 20:34:14,064 [OpenInterest] 📊 OI ciclo 306: 63 actualizados, 0 saltados (breaker), 0 fallidos | peor cobertura: BTCUSDT 100.0% (2579 filas)
2026-09-10 20:40:15,716 [OpenInterest] 📊 OI ciclo 307: 63 actualizados, 0 saltados (breaker), 0 fallidos | peor cobertura: BTCUSDT 100.0% (2580 filas)
2026-09-10 20:46:16,335 [OpenInterest] 📊 OI ciclo 308: 63 actualizados, 0 saltados (breaker), 0 fallidos | peor cobertura: BTCUSDT 100.0% (2582 filas)
2026-09-10 20:52:18,197 [OpenInterest] 📊 OI ciclo 309: 63 actualizados, 0 saltados (breaker), 0 fallidos | peor cobertura: BTCUSDT 100.0% (2583 filas)
2026-09-10 20:58:21,062 [OpenInterest] 📊 OI ciclo 310: 63 actualizados, 0 saltados (breaker), 0 fallidos | peor cobertura: BTCUSDT 100.0% (2584 filas)
2026-09-10 21:04:19,697 [OpenInterest] 📊 OI ciclo 311: 63 actualizados, 0 saltados (breaker), 0 fallidos | peor cobertura: BTCUSDT 100.0% (2585 filas)
2026-09-10 21:10:20,265 [OpenInterest] 📊 OI ciclo 312: 63 actualizados, 0 saltados (breaker), 0 fallidos | peor cobertura: BTCUSDT 100.0% (2586 filas)
2026-09-10 21:16:21,880 [OpenInterest] 📊 OI ciclo 313: 63 actualizados, 0 saltados (breaker), 0 fallidos | peor cobertura: BTCUSDT 100.0% (2588 filas)
2026-09-10 21:22:29,847 [OpenInterest] 📊 OI ciclo 314: 63 actualizados, 0 saltados (breaker), 0 fallidos | peor cobertura: BTCUSDT 100.0% (2589 filas)
2026-09-10 21:27:41,188 [MultiSourceFetcher] [MSF] Watchlist (400 symbols) from binance
2026-09-10 21:28:44,580 [OpenInterest] 📊 OI ciclo 315: 63 actualizados, 0 saltados (breaker), 0 fallidos | peor cobertura: BTCUSDT 100.0% (2590 filas)
2026-09-10 21:34:46,495 [OpenInterest] 📊 OI ciclo 316: 63 actualizados, 0 saltados (breaker), 0 fallidos | peor cobertura: BTCUSDT 100.0% (2591 filas)
2026-09-10 21:40:32,023 [OpenInterest] 📊 OI ciclo 317: 63 actualizados, 0 saltados (breaker), 0 fallidos | peor cobertura: BTCUSDT 100.0% (2592 filas)
2026-09-10 21:46:16,594 [OpenInterest] 📊 OI ciclo 318: 63 actualizados, 0 saltados (breaker), 0 fallidos | peor cobertura: BTCUSDT 100.0% (2594 filas)
2026-09-10 21:52:01,405 [OpenInterest] 📊 OI ciclo 319: 63 actualizados, 0 saltados (breaker), 0 fallidos | peor cobertura: BTCUSDT 100.0% (2595 filas)
2026-09-10 21:57:46,370 [OpenInterest] 📊 OI ciclo 320: 63 actualizados, 0 saltados (breaker), 0 fallidos | peor cobertura: BTCUSDT 100.0% (2596 filas)
2026-09-10 22:03:31,004 [OpenInterest] 📊 OI ciclo 321: 63 actualizados, 0 saltados (breaker), 0 fallidos | peor cobertura: BTCUSDT 100.0% (2597 filas)
